
santos@Mrokello MINGW64 ~/Desktop/InventoryKeeping
$ git init
Initialized empty Git repository in C:/Users/santos/Desktop/InventoryKeeping/.git/

santos@Mrokello MINGW64 ~/Desktop/InventoryKeeping (master)
$ git add .
warning: in the working copy of '.firebaserc', LF will be replaced by CRLF the next time Git touches it
warning: in the working copy of '.gitignore', LF will be replaced by CRLF the next time Git touches it
warning: in the working copy of 'InventoryKeeping/index.html', LF will be replaced by CRLF the next time Git touches it
warning: in the working copy of 'Y', LF will be replaced by CRLF the next time Git touches it
warning: in the working copy of 'firebase.json', LF will be replaced by CRLF the next time Git touches it
warning: in the working copy of 'firestore.indexes.json', LF will be replaced by CRLF the next time Git touches it
warning: in the working copy of 'functions/package-lock.json', LF will be replaced by CRLF the next time Git touches it
warning: in the working copy of 'functions/package.json', LF will be replaced by CRLF the next time Git touches it
warning: in the working copy of 'none', LF will be replaced by CRLF the next time Git touches it

santos@Mrokello MINGW64 ~/Desktop/InventoryKeeping (master)
$

santos@Mrokello MINGW64 ~/Desktop/InventoryKeeping (master)
$ 

santos@Mrokello MINGW64 ~/Desktop/InventoryKeeping (master)
$ git commit -m "Commit message describing your changes"
[master (root-commit) 1caad94] Commit message describing your changes
 11 files changed, 6745 insertions(+)
 create mode 100644 .firebaserc
 create mode 100644 .gitignore
 create mode 100644 InventoryKeeping/index.html
 create mode 100644 Y
 create mode 100644 firebase.json
 create mode 100644 firestore.indexes.json
 create mode 100644 functions/.gitignore
 create mode 100644 functions/index.js
 create mode 100644 functions/package-lock.json
 create mode 100644 functions/package.json
 create mode 100644 none

santos@Mrokello MINGW64 ~/Desktop/InventoryKeeping (master)
$ git push -u origin master
fatal: 'origin' does not appear to be a git repository
fatal: Could not read from remote repository.

Please make sure you have the correct access rights
and the repository exists.

santos@Mrokello MINGW64 ~/Desktop/InventoryKeeping (master)
$ git remote -v

santos@Mrokello MINGW64 ~/Desktop/InventoryKeeping (master)
$ git remote -v

santos@Mrokello MINGW64 ~/Desktop/InventoryKeeping (master)
$ git remote add origin https://github.com/sancho10-cr/InventoryKeeping.git
git remote add origin https://github.com/sancho10-cr/disease-prediction-system.git
santos@Mrokello MINGW64 ~/Desktop/InventoryKeeping (master)
$ git push -u origin master
info: please complete authentication in your browser...
fatal: Error while copying content to a stream.
fatal: Unable to read data from the transport connection: The connection was closed.
Enumerating objects: 15, done.
Counting objects: 100% (15/15), done.
Delta compression using up to 2 threads
Compressing objects: 100% (12/12), done.
Writing objects: 100% (15/15), 62.53 KiB | 276.00 KiB/s, done.
Total 15 (delta 0), reused 0 (delta 0), pack-reused 0
To https://github.com/sancho10-cr/InventoryKeeping.git
 * [new branch]      master -> master
branch 'master' set up to track 'origin/master'.

santos@Mrokello MINGW64 ~/Desktop/InventoryKeeping (master)
$ 

santos@Mrokello MINGW64 ~/Desktop/InventoryKeeping (master)
$